{
  "version": "1.5.0",
  "plugins_used": [
    {
      "name": "ArtifactoryDetector"
    },
    {
      "name": "AWSKeyDetector"
    },
    {
      "name": "AzureStorageKeyDetector"
    },
    {
      "name": "Base64HighEntropyString",
      "limit": 4.5
    },
    {
      "name": "BasicAuthDetector"
    },
    {
      "name": "CloudantDetector"
    },
    {
      "name": "DiscordBotTokenDetector"
    },
    {
      "name": "GitHubTokenDetector"
    },
    {
      "name": "GitLabTokenDetector"
    },
    {
      "name": "HexHighEntropyString",
      "limit": 3.0
    },
    {
      "name": "IbmCloudIamDetector"
    },
    {
      "name": "IbmCosHmacDetector"
    },
    {
      "name": "IPPublicDetector"
    },
    {
      "name": "JwtTokenDetector"
    },
    {
      "name": "KeywordDetector",
      "keyword_exclude": ""
    },
    {
      "name": "MailchimpDetector"
    },
    {
      "name": "NpmDetector"
    },
    {
      "name": "OpenAIDetector"
    },
    {
      "name": "PrivateKeyDetector"
    },
    {
      "name": "PypiTokenDetector"
    },
    {
      "name": "SendGridDetector"
    },
    {
      "name": "SlackDetector"
    },
    {
      "name": "SoftlayerDetector"
    },
    {
      "name": "SquareOAuthDetector"
    },
    {
      "name": "StripeDetector"
    },
    {
      "name": "TelegramBotTokenDetector"
    },
    {
      "name": "TwilioKeyDetector"
    }
  ],
  "filters_used": [
    {
      "path": "detect_secrets.filters.allowlist.is_line_allowlisted"
    },
    {
      "path": "detect_secrets.filters.common.is_ignored_due_to_verification_policies",
      "min_level": 2
    },
    {
      "path": "detect_secrets.filters.heuristic.is_indirect_reference"
    },
    {
      "path": "detect_secrets.filters.heuristic.is_likely_id_string"
    },
    {
      "path": "detect_secrets.filters.heuristic.is_lock_file"
    },
    {
      "path": "detect_secrets.filters.heuristic.is_not_alphanumeric_string"
    },
    {
      "path": "detect_secrets.filters.heuristic.is_potential_uuid"
    },
    {
      "path": "detect_secrets.filters.heuristic.is_prefixed_with_dollar_sign"
    },
    {
      "path": "detect_secrets.filters.heuristic.is_sequential_string"
    },
    {
      "path": "detect_secrets.filters.heuristic.is_swagger_file"
    },
    {
      "path": "detect_secrets.filters.heuristic.is_templated_secret"
    },
    {
      "path": "detect_secrets.filters.regex.should_exclude_file",
      "pattern": [
        "(uv\\.lock|\\.env\\.example)$"
      ]
    }
  ],
  "results": {
    ".claude/settings.local.json": [
      {
        "type": "JSON Web Token",
        "filename": ".claude/settings.local.json",
        "hashed_secret": "ef72e6e14e7163b75a35edcb6f852681e1af4962",
        "is_verified": false,
        "line_number": 50
      },
      {
        "type": "JSON Web Token",
        "filename": ".claude/settings.local.json",
        "hashed_secret": "9f5c909e2122099e6880acd5549ecc2061e116ff",
        "is_verified": false,
        "line_number": 51
      },
      {
        "type": "JSON Web Token",
        "filename": ".claude/settings.local.json",
        "hashed_secret": "5e5e126a0efaa069bcc5dd50b6ebb6ba4a9a419a",
        "is_verified": false,
        "line_number": 58
      },
      {
        "type": "JSON Web Token",
        "filename": ".claude/settings.local.json",
        "hashed_secret": "f907a5c6c35c019e0f555dc4cd499f1833f2b6bf",
        "is_verified": false,
        "line_number": 58
      },
      {
        "type": "JSON Web Token",
        "filename": ".claude/settings.local.json",
        "hashed_secret": "35aed562b184edf1f1085624cbe5eca1eea0cb8a",
        "is_verified": false,
        "line_number": 107
      }
    ],
    ".github/workflows/ci.yml": [
      {
        "type": "Secret Keyword",
        "filename": ".github/workflows/ci.yml",
        "hashed_secret": "afc848c316af1a89d49826c5ae9d00ed769415f3",
        "is_verified": false,
        "line_number": 27
      },
      {
        "type": "Secret Keyword",
        "filename": ".github/workflows/ci.yml",
        "hashed_secret": "6db42dc5a8f6af5cc42f9963750ad6b0e0cd2ce7",
        "is_verified": false,
        "line_number": 46
      },
      {
        "type": "Basic Auth Credentials",
        "filename": ".github/workflows/ci.yml",
        "hashed_secret": "afc848c316af1a89d49826c5ae9d00ed769415f3",
        "is_verified": false,
        "line_number": 47
      }
    ],
    ".kiro/specs/quality-test-suite/design.md": [
      {
        "type": "Basic Auth Credentials",
        "filename": ".kiro/specs/quality-test-suite/design.md",
        "hashed_secret": "5baa61e4c9b93f3f0682250b6cf8331b7ee68fd8",
        "is_verified": false,
        "line_number": 333
      }
    ],
    "docker-compose.yml": [
      {
        "type": "Secret Keyword",
        "filename": "docker-compose.yml",
        "hashed_secret": "afc848c316af1a89d49826c5ae9d00ed769415f3",
        "is_verified": false,
        "line_number": 7
      },
      {
        "type": "Basic Auth Credentials",
        "filename": "docker-compose.yml",
        "hashed_secret": "afc848c316af1a89d49826c5ae9d00ed769415f3",
        "is_verified": false,
        "line_number": 34
      }
    ],
    "migrations/versions/058bf947c029_add_strategy_metrics_columns.py": [
      {
        "type": "Hex High Entropy String",
        "filename": "migrations/versions/058bf947c029_add_strategy_metrics_columns.py",
        "hashed_secret": "6a9857ba386ee3ecb3fa859245ddf79f9d8ff6e8",
        "is_verified": false,
        "line_number": 15
      }
    ],
    "migrations/versions/156bfa76279c_freqtrade_integration_add_user_is_admin_.py": [
      {
        "type": "Hex High Entropy String",
        "filename": "migrations/versions/156bfa76279c_freqtrade_integration_add_user_is_admin_.py",
        "hashed_secret": "5f2425015a0f36445af0455d1b64554421f52182",
        "is_verified": false,
        "line_number": 15
      }
    ],
    "tests/conftest.py": [
      {
        "type": "Secret Keyword",
        "filename": "tests/conftest.py",
        "hashed_secret": "a2f0c3c52a5187001d23f4bd3c767385fca81e31",
        "is_verified": false,
        "line_number": 24
      }
    ],
    "tests/integration/conftest.py": [
      {
        "type": "Basic Auth Credentials",
        "filename": "tests/integration/conftest.py",
        "hashed_secret": "9d4e1e23bd5b727046a9e3b4b7db57bd8d6ee684",
        "is_verified": false,
        "line_number": 13
      }
    ],
    "tests/integration/test_admin_backtest_api.py": [
      {
        "type": "Secret Keyword",
        "filename": "tests/integration/test_admin_backtest_api.py",
        "hashed_secret": "b468dea11c6111ec286939d85c69a94d585cb17a",
        "is_verified": false,
        "line_number": 20
      }
    ],
    "tests/integration/test_api_real_db.py": [
      {
        "type": "Secret Keyword",
        "filename": "tests/integration/test_api_real_db.py",
        "hashed_secret": "ef949267197bf5272e1d309c2f1f3f611286e658",
        "is_verified": false,
        "line_number": 250
      },
      {
        "type": "Secret Keyword",
        "filename": "tests/integration/test_api_real_db.py",
        "hashed_secret": "1c58bd92003bbaa0538e249fff6ee19a270dec5f",
        "is_verified": false,
        "line_number": 286
      },
      {
        "type": "Secret Keyword",
        "filename": "tests/integration/test_api_real_db.py",
        "hashed_secret": "1e99b09f6eb835305555cc43c3e0768b1a39226b",
        "is_verified": false,
        "line_number": 301
      },
      {
        "type": "Secret Keyword",
        "filename": "tests/integration/test_api_real_db.py",
        "hashed_secret": "6eb67d95dba1a614971e31e78146d44bd4a3ada3",
        "is_verified": false,
        "line_number": 304
      },
      {
        "type": "Secret Keyword",
        "filename": "tests/integration/test_api_real_db.py",
        "hashed_secret": "c7d1222488606a649914925d3943ad7605580f84",
        "is_verified": false,
        "line_number": 314
      }
    ],
    "tests/integration/test_auth_api.py": [
      {
        "type": "Secret Keyword",
        "filename": "tests/integration/test_auth_api.py",
        "hashed_secret": "33e22dbf713e2436bdaa0706f4718ec427d22514",
        "is_verified": false,
        "line_number": 19
      },
      {
        "type": "Secret Keyword",
        "filename": "tests/integration/test_auth_api.py",
        "hashed_secret": "cbfdac6008f9cab4083784cbd1874f76618d2a97",
        "is_verified": false,
        "line_number": 105
      },
      {
        "type": "Secret Keyword",
        "filename": "tests/integration/test_auth_api.py",
        "hashed_secret": "a0f4ea7d91495df92bbac2e2149dfb850fe81396",
        "is_verified": false,
        "line_number": 269
      },
      {
        "type": "Secret Keyword",
        "filename": "tests/integration/test_auth_api.py",
        "hashed_secret": "73e4daa96ea9dc38dc267241aa6dd0eb80f2689f",
        "is_verified": false,
        "line_number": 296
      },
      {
        "type": "Secret Keyword",
        "filename": "tests/integration/test_auth_api.py",
        "hashed_secret": "ffb6b0df52406a12074ca094831141bccab2f455",
        "is_verified": false,
        "line_number": 464
      },
      {
        "type": "Secret Keyword",
        "filename": "tests/integration/test_auth_api.py",
        "hashed_secret": "d8bba58683e577cdd462e2cd1207808e1b01b3cb",
        "is_verified": false,
        "line_number": 497
      },
      {
        "type": "Secret Keyword",
        "filename": "tests/integration/test_auth_api.py",
        "hashed_secret": "d8ecf7db8fc9ec9c31bc5c9ae2929cc599c75f8d",
        "is_verified": false,
        "line_number": 538
      }
    ],
    "tests/integration/test_backtest_api.py": [
      {
        "type": "Secret Keyword",
        "filename": "tests/integration/test_backtest_api.py",
        "hashed_secret": "199e82890cec2d0d39df440a244a781dd0f1f068",
        "is_verified": false,
        "line_number": 18
      }
    ],
    "tests/integration/test_end_to_end.py": [
      {
        "type": "Secret Keyword",
        "filename": "tests/integration/test_end_to_end.py",
        "hashed_secret": "a06980cfe05f57a8e116176e3fd4f052b7c7a9c8",
        "is_verified": false,
        "line_number": 17
      }
    ],
    "tests/integration/test_freqtrade_isolation.py": [
      {
        "type": "Secret Keyword",
        "filename": "tests/integration/test_freqtrade_isolation.py",
        "hashed_secret": "9808d2fcb381eeecf5fce2edcf67f916302a88b2",
        "is_verified": false,
        "line_number": 20
      }
    ],
    "tests/integration/test_health.py": [
      {
        "type": "Secret Keyword",
        "filename": "tests/integration/test_health.py",
        "hashed_secret": "78747012f9a91e25985138130d3272fcf1a7dd87",
        "is_verified": false,
        "line_number": 12
      }
    ],
    "tests/integration/test_input_validation.py": [
      {
        "type": "Secret Keyword",
        "filename": "tests/integration/test_input_validation.py",
        "hashed_secret": "7e8b8d276188712b9389ecad2a4f9a627cc33fef",
        "is_verified": false,
        "line_number": 19
      }
    ],
    "tests/integration/test_pair_metrics_api.py": [
      {
        "type": "Secret Keyword",
        "filename": "tests/integration/test_pair_metrics_api.py",
        "hashed_secret": "740fc0efd8d9b6aa119b8cff41358b97d08c309c",
        "is_verified": false,
        "line_number": 21
      }
    ],
    "tests/integration/test_real_db_persistence.py": [
      {
        "type": "Secret Keyword",
        "filename": "tests/integration/test_real_db_persistence.py",
        "hashed_secret": "ae74d5c934495e57dc85d4fa6a09dfc69c20792f",
        "is_verified": false,
        "line_number": 49
      },
      {
        "type": "Secret Keyword",
        "filename": "tests/integration/test_real_db_persistence.py",
        "hashed_secret": "c34ed6814700f2eeebe5daa952cf57d24c7caae5",
        "is_verified": false,
        "line_number": 193
      },
      {
        "type": "Secret Keyword",
        "filename": "tests/integration/test_real_db_persistence.py",
        "hashed_secret": "61fae8523137e3933b39dfbef7beab15b5719ce7",
        "is_verified": false,
        "line_number": 221
      },
      {
        "type": "Secret Keyword",
        "filename": "tests/integration/test_real_db_persistence.py",
        "hashed_secret": "81bec79c2260c3f79b5ad5bff9b85e0f68c57ccd",
        "is_verified": false,
        "line_number": 245
      },
      {
        "type": "Secret Keyword",
        "filename": "tests/integration/test_real_db_persistence.py",
        "hashed_secret": "ad3166a7e14031be1f4588df088d80d5debd5015",
        "is_verified": false,
        "line_number": 269
      }
    ],
    "tests/integration/test_report_api.py": [
      {
        "type": "Secret Keyword",
        "filename": "tests/integration/test_report_api.py",
        "hashed_secret": "47ad0707de40be7a73ea9359e65ab1b7bf1a2f7e",
        "is_verified": false,
        "line_number": 18
      }
    ],
    "tests/integration/test_signal_api.py": [
      {
        "type": "Secret Keyword",
        "filename": "tests/integration/test_signal_api.py",
        "hashed_secret": "e43a4215e4b648e37b28e0a18fa19f856156d688",
        "is_verified": false,
        "line_number": 17
      }
    ],
    "tests/integration/test_strategy_api.py": [
      {
        "type": "Secret Keyword",
        "filename": "tests/integration/test_strategy_api.py",
        "hashed_secret": "4ee41602aadc5793e22e4eeb5ee14d683419027f",
        "is_verified": false,
        "line_number": 16
      }
    ],
    "tests/unit/test_admin.py": [
      {
        "type": "Secret Keyword",
        "filename": "tests/unit/test_admin.py",
        "hashed_secret": "fe1bae27cb7c1fb823f496f286e78f1d2ae87734",
        "is_verified": false,
        "line_number": 39
      },
      {
        "type": "Secret Keyword",
        "filename": "tests/unit/test_admin.py",
        "hashed_secret": "74913f5cd5f61ec0bcfdb775414c2fb3d161b620",
        "is_verified": false,
        "line_number": 41
      },
      {
        "type": "Secret Keyword",
        "filename": "tests/unit/test_admin.py",
        "hashed_secret": "d8ecf7db8fc9ec9c31bc5c9ae2929cc599c75f8d",
        "is_verified": false,
        "line_number": 66
      },
      {
        "type": "Secret Keyword",
        "filename": "tests/unit/test_admin.py",
        "hashed_secret": "d4e0e04792fd434b5dc9c4155c178f66edcf4ed3",
        "is_verified": false,
        "line_number": 286
      }
    ],
    "tests/unit/test_app_factory.py": [
      {
        "type": "Secret Keyword",
        "filename": "tests/unit/test_app_factory.py",
        "hashed_secret": "a4b48a81cdab1e1a5dd37907d6c85ca1c61ddc7c",
        "is_verified": false,
        "line_number": 200
      }
    ],
    "tests/unit/test_auth_schemas.py": [
      {
        "type": "Secret Keyword",
        "filename": "tests/unit/test_auth_schemas.py",
        "hashed_secret": "cbfdac6008f9cab4083784cbd1874f76618d2a97",
        "is_verified": false,
        "line_number": 49
      },
      {
        "type": "Secret Keyword",
        "filename": "tests/unit/test_auth_schemas.py",
        "hashed_secret": "364d84ed2a75ef4c9a3cba031109db88e504511b",
        "is_verified": false,
        "line_number": 63
      },
      {
        "type": "Secret Keyword",
        "filename": "tests/unit/test_auth_schemas.py",
        "hashed_secret": "73e4daa96ea9dc38dc267241aa6dd0eb80f2689f",
        "is_verified": false,
        "line_number": 77
      },
      {
        "type": "Secret Keyword",
        "filename": "tests/unit/test_auth_schemas.py",
        "hashed_secret": "d8bba58683e577cdd462e2cd1207808e1b01b3cb",
        "is_verified": false,
        "line_number": 127
      }
    ],
    "tests/unit/test_auth_service.py": [
      {
        "type": "Secret Keyword",
        "filename": "tests/unit/test_auth_service.py",
        "hashed_secret": "33e22dbf713e2436bdaa0706f4718ec427d22514",
        "is_verified": false,
        "line_number": 20
      },
      {
        "type": "Secret Keyword",
        "filename": "tests/unit/test_auth_service.py",
        "hashed_secret": "f5b7e0936ee01e9c3e23f5ba6701d5794a0654fe",
        "is_verified": false,
        "line_number": 140
      }
    ],
    "tests/unit/test_deps.py": [
      {
        "type": "Secret Keyword",
        "filename": "tests/unit/test_deps.py",
        "hashed_secret": "57d1f0e3fdd7b28bccc9309690cee6cc26f41c32",
        "is_verified": false,
        "line_number": 16
      }
    ],
    "tests/unit/test_enums.py": [
      {
        "type": "Basic Auth Credentials",
        "filename": "tests/unit/test_enums.py",
        "hashed_secret": "9d4e1e23bd5b727046a9e3b4b7db57bd8d6ee684",
        "is_verified": false,
        "line_number": 84
      },
      {
        "type": "Secret Keyword",
        "filename": "tests/unit/test_enums.py",
        "hashed_secret": "2d7481c5fde9f5df63e7313dddaeed0946ac03f4",
        "is_verified": false,
        "line_number": 95
      }
    ],
    "tests/unit/test_freqtrade_bridge.py": [
      {
        "type": "Secret Keyword",
        "filename": "tests/unit/test_freqtrade_bridge.py",
        "hashed_secret": "10eb5a758459a052469c09f5cd56bab6036af011",
        "is_verified": false,
        "line_number": 143
      }
    ],
    "tests/unit/test_migrations.py": [
      {
        "type": "Hex High Entropy String",
        "filename": "tests/unit/test_migrations.py",
        "hashed_secret": "6a9857ba386ee3ecb3fa859245ddf79f9d8ff6e8",
        "is_verified": false,
        "line_number": 153
      }
    ],
    "tests/unit/test_security.py": [
      {
        "type": "Secret Keyword",
        "filename": "tests/unit/test_security.py",
        "hashed_secret": "33e22dbf713e2436bdaa0706f4718ec427d22514",
        "is_verified": false,
        "line_number": 16
      }
    ],
    "tests/unit/test_shared_conftest.py": [
      {
        "type": "Secret Keyword",
        "filename": "tests/unit/test_shared_conftest.py",
        "hashed_secret": "a2f0c3c52a5187001d23f4bd3c767385fca81e31",
        "is_verified": false,
        "line_number": 25
      }
    ]
  },
  "generated_at": "2026-03-15T12:36:34Z"
}
